// Vitest Snapshot v1, https://vitest.dev/guide/snapshot.html

exports[`Testing: Menu > should render 1`] = `
<div>
  <div
    class="_menuWrapper_ec8375"
    id="menu"
  >
    <div
      class="_menuContent_ec8375"
    >
      <button
        class="_button_2842f2"
      >
        <img
          class="_menuCloseButton_ec8375"
          src="/packages/frontend/src/assets/cross.svg"
        />
      </button>
      <a
        class="_link_43716b _menuLink_ec8375"
      >
        События
      </a>
      <a
        class="_link_43716b _menuLink_ec8375"
      >
        Создать событие
      </a>
      <a
        class="_link_43716b _menuLink_ec8375"
      >
        Список волонтеров
      </a>
      <a
        class="_link_43716b _menuLink_ec8375"
      >
        Выйти
      </a>
    </div>
  </div>
</div>
`;
