// Vitest Snapshot v1, https://vitest.dev/guide/snapshot.html

exports[`Testing: ImageLoader > should render 1`] = `
<div>
  <div
    class="_imageLoaderWrapper_112c4b"
  >
    <div
      class="_imageLoader_112c4b"
    >
      <label
        class="_imageLoaderContainer_112c4b"
      >
        <img
          class="_downloadButton_112c4b"
          src="/packages/frontend/src/components/formElements/ImageLoader/assets/camera.svg"
          width="19"
        />
        <input
          class="_imageLoaderInput_112c4b"
          type="file"
        />
      </label>
    </div>
  </div>
</div>
`;
