// Vitest Snapshot v1, https://vitest.dev/guide/snapshot.html

exports[`Testing: Header > should render 1`] = `
<div>
  <div
    class="_headerWrapper_687a61"
  >
    <img
      class="_headerLogo_687a61"
      src="/packages/frontend/src/assets/logo.svg"
    />
    <div
      class="_editorName_687a61"
    >
      Test User Name
    </div>
    <button
      class="_button_2842f2 _headerMenuButton_687a61"
      disabled=""
    >
      <img
        alt="Open Menu Button"
        class="_headerLogo_687a61"
        src="/packages/frontend/src/assets/menu.svg"
      />
    </button>
  </div>
</div>
`;
