// Vitest Snapshot v1, https://vitest.dev/guide/snapshot.html

exports[`Testing: TextArea > should render 1`] = `
<div>
  <label
    class="_label_6edfa1"
  >
    <div>
      Test Label
    </div>
    <textarea
      class="_textArea_6edfa1"
      placeholder="Ввод"
    >
      Test Value
    </textarea>
  </label>
</div>
`;
