// Vitest Snapshot v1, https://vitest.dev/guide/snapshot.html

exports[`Testing: Dot > should render 1`] = `
<div>
  <span
    class="_dot_256c03 _gray_256c03"
  />
</div>
`;
