// Vitest Snapshot v1, https://vitest.dev/guide/snapshot.html

exports[`Testing: Dot > should render 1`] = `
<div>
  <span
    class="_dot_5e3be7"
  />
</div>
`;
