// Vitest Snapshot v1, https://vitest.dev/guide/snapshot.html

exports[`Testing: Notification > should render 1`] = `
<div>
  <div
    class="_notificationWrapper_f1d0d5"
    data-testid="notification-test-id"
    id="notification"
  >
    Default Notification Message
  </div>
</div>
`;
